54496 2026-09-12 01:37:54,166 webull.core.client ERROR ServerException occurred. Host:api.webull.co.th SDK-Version:3.0.0 Request:{
  "_version": "v3",
  "_action_name": "/openapi/config",
  "_protocol_type": "https",
  "_accept_format": "JSON",
  "_params": {},
  "_method": "GET",
  "_header": {
    "x-version": "v3",
    "Accept-Encoding": "gzip",
    "x-app-key": "x",
    "x-timestamp": "2026-09-11T18:37:53Z",
    "x-signature-version": "1.0",
    "x-signature-algorithm": "HMAC-SHA256",
    "x-signature-nonce": "458ba2df-2e6d-5ed8-a45c-6fb8b29f32ce",
    "x-signature": "ak8ur6W9oUqKw+x1GOskmsZ35GnfEmPN1DhvXuqrqV4=",
    "User-Agent": "WebullApiSDK (Windows 10;AMD64) Python/3.12.14 Core/3.0.0 python-requests/2.34.2",
    "x-webull-client-source": "sdk"
  },
  "_body_params": null,
  "_uri_pattern": null,
  "_uri_params": null,
  "_content": null,
  "_extra_user_agent": {},
  "string_to_sign": "",
  "_request_connect_timeout": null,
  "_request_read_timeout": null,
  "endpoint": "api.webull.co.th",
  "_signer_spec": "<module 'webull.core.auth.algorithm.sha_hmac1' from 'C:\\\\Users\\\\verak\\\\Desktop\\\\trading-bot\\\\.venv\\\\Lib\\\\site-packages\\\\webull\\\\core\\\\auth\\\\algorithm\\\\sha_hmac1.py'>"
} Response:{'error_code': 'UNAUTHORIZED', 'message': 'Invalid credentials. Please verify your credentials and ensure you are connecting to the correct environment'} ServerException:HTTP Status: 401, Code: UNAUTHORIZED, Msg: Invalid credentials. Please verify your credentials and ensure you are connecting to the correct environment, RequestID: 12fbd8d4-73f5-48c0-908b-3628d510d2de
54496 2026-09-12 01:37:54,167 webull.core.client ERROR get_response exception. {
  "error_code": "UNAUTHORIZED",
  "error_msg": "Invalid credentials. Please verify your credentials and ensure you are connecting to the correct environment",
  "http_status": 401,
  "request_id": "12fbd8d4-73f5-48c0-908b-3628d510d2de"
}
